interactions:
- request:
    body: '{"login_id": "user-1@sample.mattermost.com", "password": "user-1", "token":
      null}'
    headers:
      Accept: ['*/*']
      Accept-Encoding: ['gzip, deflate']
      Connection: [keep-alive]
      Content-Length: ['81']
      Content-Type: [application/json]
      User-Agent: [python-requests/2.21.0]
    method: POST
    uri: http://localhost:8065/api/v4/users/login
  response:
    body: {string: '{"id":"jjcp4yj9gtr7bdfj43s7ukfh6w","create_at":1545253049270,"update_at":1545253049270,"delete_at":0,"username":"user-1","auth_data":"","auth_service":"","email":"user-1@sample.mattermost.com","email_verified":true,"nickname":"","first_name":"Victor","last_name":"Welch","position":"Design
        Engineer","roles":"system_user","notify_props":{"channel":"true","comments":"never","desktop":"mention","desktop_sound":"true","email":"true","first_name":"false","mention_keys":",@","push":"mention","push_status":"away"},"last_password_update":1545253049270,"locale":"en","timezone":{"automaticTimezone":"","manualTimezone":"","useAutomaticTimezone":"true"}}'}
    headers:
      Content-Length: ['649']
      Content-Type: [application/json]
      Date: ['Sun, 06 Jan 2019 22:31:25 GMT']
      Set-Cookie: ['MMAUTHTOKEN=7fwngyky6bdquemqsbiwbwskjr; Path=/; Expires=Tue, 05
          Feb 2019 22:31:25 GMT; Max-Age=2592000; HttpOnly', 'MMUSERID=jjcp4yj9gtr7bdfj43s7ukfh6w;
          Path=/; Expires=Tue, 05 Feb 2019 22:31:25 GMT; Max-Age=2592000']
      Token: [7fwngyky6bdquemqsbiwbwskjr]
      X-Request-Id: [nryg98pchff59b348ja6p44cqe]
      X-Version-Id: [5.6.0.5.6.1-rc2.ae8afd41bd6d75bc83c09cef963454ae.false]
    status: {code: 200, message: OK}
- request:
    body: '{}'
    headers:
      Accept: ['*/*']
      Accept-Encoding: ['gzip, deflate']
      Authorization: [Bearer 7fwngyky6bdquemqsbiwbwskjr]
      Connection: [keep-alive]
      Content-Length: ['2']
      Content-Type: [application/json]
      User-Agent: [python-requests/2.21.0]
    method: GET
    uri: http://localhost:8065/api/v4/emoji/name/absent_emoji
  response:
    body: {string: '{"id":"store.sql_emoji.get_by_name.app_error","message":"Unable
        to get the emoji","detailed_error":"","request_id":"9qowa4f8a7ru8dq3dpm8ec3hcr","status_code":404}'}
    headers:
      Content-Length: ['162']
      Content-Type: [application/json]
      Date: ['Sun, 06 Jan 2019 22:31:25 GMT']
      Expires: ['0']
      X-Request-Id: [9qowa4f8a7ru8dq3dpm8ec3hcr]
      X-Version-Id: [5.6.0.5.6.1-rc2.ae8afd41bd6d75bc83c09cef963454ae.false]
    status: {code: 404, message: Not Found}
- request:
    body: '{}'
    headers:
      Accept: ['*/*']
      Accept-Encoding: ['gzip, deflate']
      Authorization: [Bearer 7fwngyky6bdquemqsbiwbwskjr]
      Connection: [keep-alive]
      Content-Length: ['2']
      Content-Type: [application/json]
      User-Agent: [python-requests/2.21.0]
    method: POST
    uri: http://localhost:8065/api/v4/users/logout
  response:
    body: {string: '{"status":"OK"}'}
    headers:
      Content-Length: ['15']
      Content-Type: [application/json]
      Date: ['Tue, 08 Jan 2019 20:29:38 GMT']
      Set-Cookie: [MMAUTHTOKEN=; Path=/; Max-Age=0; HttpOnly]
      X-Request-Id: [neai7iippj85jp1yntccmpjkdw]
      X-Version-Id: [5.6.0.5.6.1-rc2.ae8afd41bd6d75bc83c09cef963454ae.false]
    status: {code: 200, message: OK}
version: 1
