interactions:
- request:
    body: '{"login_id": "user-1@sample.mattermost.com", "password": "user-1", "token":
      null}'
    headers:
      Accept: ['*/*']
      Accept-Encoding: ['gzip, deflate']
      Connection: [keep-alive]
      Content-Length: ['81']
      Content-Type: [application/json]
      User-Agent: [python-requests/2.21.0]
    method: POST
    uri: http://localhost:8065/api/v4/users/login
  response:
    body: {string: '{"id":"jjcp4yj9gtr7bdfj43s7ukfh6w","create_at":1545253049270,"update_at":1545253049270,"delete_at":0,"username":"user-1","auth_data":"","auth_service":"","email":"user-1@sample.mattermost.com","email_verified":true,"nickname":"","first_name":"Victor","last_name":"Welch","position":"Design
        Engineer","roles":"system_user","notify_props":{"channel":"true","comments":"never","desktop":"mention","desktop_sound":"true","email":"true","first_name":"false","mention_keys":",@","push":"mention","push_status":"away"},"last_password_update":1545253049270,"locale":"en","timezone":{"automaticTimezone":"","manualTimezone":"","useAutomaticTimezone":"true"}}'}
    headers:
      Content-Length: ['649']
      Content-Type: [application/json]
      Date: ['Thu, 20 Dec 2018 22:05:03 GMT']
      Set-Cookie: ['MMAUTHTOKEN=j3uz1zjq1fnqtgt6mac7gmpwih; Path=/; Expires=Sat, 19
          Jan 2019 22:05:03 GMT; Max-Age=2592000; HttpOnly', 'MMUSERID=jjcp4yj9gtr7bdfj43s7ukfh6w;
          Path=/; Expires=Sat, 19 Jan 2019 22:05:03 GMT; Max-Age=2592000']
      Token: [j3uz1zjq1fnqtgt6mac7gmpwih]
      X-Request-Id: [zk14j859s7nk3qunmfgbo4x3ye]
      X-Version-Id: [5.6.0.5.6.1-rc2.ae8afd41bd6d75bc83c09cef963454ae.false]
    status: {code: 200, message: OK}
- request:
    body: '{}'
    headers:
      Accept: ['*/*']
      Accept-Encoding: ['gzip, deflate']
      Authorization: [Bearer j3uz1zjq1fnqtgt6mac7gmpwih]
      Connection: [keep-alive]
      Content-Length: ['2']
      Content-Type: [application/json]
      User-Agent: [python-requests/2.21.0]
    method: GET
    uri: http://localhost:8065/api/v4/emoji/name/absent_emoji
  response:
    body: {string: '{"id":"store.sql_emoji.get_by_name.app_error","message":"Unable
        to get the emoji","detailed_error":"","request_id":"zsebgtybgfbj9yprw8e7dpbz3r","status_code":404}'}
    headers:
      Content-Length: ['162']
      Content-Type: [application/json]
      Date: ['Thu, 20 Dec 2018 22:05:03 GMT']
      Expires: ['0']
      X-Request-Id: [zsebgtybgfbj9yprw8e7dpbz3r]
      X-Version-Id: [5.6.0.5.6.1-rc2.ae8afd41bd6d75bc83c09cef963454ae.false]
    status: {code: 404, message: Not Found}
- request:
    body: '{}'
    headers:
      Accept: ['*/*']
      Accept-Encoding: ['gzip, deflate']
      Authorization: [Bearer j3uz1zjq1fnqtgt6mac7gmpwih]
      Connection: [keep-alive]
      Content-Length: ['2']
      Content-Type: [application/json]
      User-Agent: [python-requests/2.21.0]
    method: GET
    uri: http://localhost:8065/api/v4/emoji/name/absent_emoji
  response:
    body: {string: '{"id":"store.sql_emoji.get_by_name.app_error","message":"Unable
        to get the emoji","detailed_error":"","request_id":"ai6jme6y1bg5jjxpxufpr6waqc","status_code":404}'}
    headers:
      Content-Length: ['162']
      Content-Type: [application/json]
      Date: ['Thu, 20 Dec 2018 22:05:03 GMT']
      Expires: ['0']
      X-Request-Id: [ai6jme6y1bg5jjxpxufpr6waqc]
      X-Version-Id: [5.6.0.5.6.1-rc2.ae8afd41bd6d75bc83c09cef963454ae.false]
    status: {code: 404, message: Not Found}
- request:
    body: '{}'
    headers:
      Accept: ['*/*']
      Accept-Encoding: ['gzip, deflate']
      Authorization: [Bearer j3uz1zjq1fnqtgt6mac7gmpwih]
      Connection: [keep-alive]
      Content-Length: ['2']
      Content-Type: [application/json]
      User-Agent: [python-requests/2.21.0]
    method: POST
    uri: http://localhost:8065/api/v4/users/logout
  response:
    body: {string: '{"status":"OK"}'}
    headers:
      Content-Length: ['15']
      Content-Type: [application/json]
      Date: ['Tue, 08 Jan 2019 20:29:38 GMT']
      Set-Cookie: [MMAUTHTOKEN=; Path=/; Max-Age=0; HttpOnly]
      X-Request-Id: [msweh9fn7ifu7kdg8tkmidxgkw]
      X-Version-Id: [5.6.0.5.6.1-rc2.ae8afd41bd6d75bc83c09cef963454ae.false]
    status: {code: 200, message: OK}
version: 1
